

================================================================
== Vivado HLS Report for 'fft_top'
================================================================
* Date:           Fri Mar  8 13:32:31 2019

* Version:        2018.3 (Build 2405991 on Thu Dec 06 23:56:15 MST 2018)
* Project:        proj
* Solution:       solution1
* Product family: azynquplus
* Target device:  xazu2eg-sbva484-1-i


================================================================
== Performance Estimates
================================================================
+ Timing (ns): 
    * Summary: 
    +--------+-------+----------+------------+
    |  Clock | Target| Estimated| Uncertainty|
    +--------+-------+----------+------------+
    |ap_clk  |   3.30|     2.888|        0.41|
    +--------+-------+----------+------------+

+ Latency (clock cycles): 
    * Summary: 
    +------+------+------+------+----------+
    |   Latency   |   Interval  | Pipeline |
    |  min |  max |  min |  max |   Type   |
    +------+------+------+------+----------+
    |  3195|  3195|  3196|  3196| dataflow |
    +------+------+------+------+----------+

    + Detail: 
        * Instance: 
        +------------------+---------------+------+------+------+------+---------+
        |                  |               |   Latency   |   Interval  | Pipeline|
        |     Instance     |     Module    |  min |  max |  min |  max |   Type  |
        +------------------+---------------+------+------+------+------+---------+
        |dummy_proc_fe_U0  |dummy_proc_fe  |  1025|  1025|  1025|  1025|   none  |
        |dummy_proc_be_U0  |dummy_proc_be  |  1025|  1025|  1025|  1025|   none  |
        |fft_config1_U0    |fft_config1_s  |  3195|  3195|  3195|  3195|   none  |
        +------------------+---------------+------+------+------+------+---------+

        * Loop: 
        N/A



================================================================
== Utilization Estimates
================================================================
* Summary: 
+-----------------+---------+-------+-------+-------+-----+
|       Name      | BRAM_18K| DSP48E|   FF  |  LUT  | URAM|
+-----------------+---------+-------+-------+-------+-----+
|DSP              |        -|      -|      -|      -|    -|
|Expression       |        -|      -|      0|     18|    -|
|FIFO             |        0|      -|     20|    136|    -|
|Instance         |        3|      0|   9912|   8080|    -|
|Memory           |        -|      -|      -|      -|    -|
|Multiplexer      |        -|      -|      -|      -|    -|
|Register         |        -|      -|      -|      -|    -|
+-----------------+---------+-------+-------+-------+-----+
|Total            |        3|      0|   9932|   8234|    0|
+-----------------+---------+-------+-------+-------+-----+
|Available        |      300|    240|  94464|  47232|    0|
+-----------------+---------+-------+-------+-------+-----+
|Utilization (%)  |        1|      0|     10|     17|    0|
+-----------------+---------+-------+-------+-------+-----+

+ Detail: 
    * Instance: 
    +------------------+---------------+---------+-------+------+------+
    |     Instance     |     Module    | BRAM_18K| DSP48E|  FF  |  LUT |
    +------------------+---------------+---------+-------+------+------+
    |dummy_proc_be_U0  |dummy_proc_be  |        0|      0|    14|   118|
    |dummy_proc_fe_U0  |dummy_proc_fe  |        0|      0|    15|   127|
    |fft_config1_U0    |fft_config1_s  |        3|      0|  9883|  7835|
    +------------------+---------------+---------+-------+------+------+
    |Total             |               |        3|      0|  9912|  8080|
    +------------------+---------------+---------+-------+------+------+

    * DSP48: 
    N/A

    * Memory: 
    N/A

    * FIFO: 
    +---------------------+---------+---+----+------+-----+---------+
    |         Name        | BRAM_18K| FF| LUT| Depth| Bits| Size:D*B|
    +---------------------+---------+---+----+------+-----+---------+
    |fft_config_data_V_U  |        0|  5|  28|     1|   16|       16|
    |fft_status_data_V_U  |        0|  5|  20|     1|    8|        8|
    |xk_channel_U         |        0|  5|  44|     1|   32|       32|
    |xn_channel_U         |        0|  5|  44|     1|   32|       32|
    +---------------------+---------+---+----+------+-----+---------+
    |Total                |        0| 20| 136|     4|   88|       88|
    +---------------------+---------+---+----+------+-----+---------+

    * Expression: 
    +-------------------------------+----------+-------+---+----+------------+------------+
    |         Variable Name         | Operation| DSP48E| FF| LUT| Bitwidth P0| Bitwidth P1|
    +-------------------------------+----------+-------+---+----+------------+------------+
    |ap_idle                        |    and   |      0|  0|   9|           1|           1|
    |dummy_proc_fe_U0_start_full_n  |    and   |      0|  0|   9|           1|           1|
    +-------------------------------+----------+-------+---+----+------------+------------+
    |Total                          |          |      0|  0|  18|           2|           2|
    +-------------------------------+----------+-------+---+----+------------+------------+

    * Multiplexer: 
    N/A

    * Register: 
    N/A



================================================================
== Interface
================================================================
* Summary: 
+------------------+-----+-----+------------+--------------+--------------+
|     RTL Ports    | Dir | Bits|  Protocol  | Source Object|    C Type    |
+------------------+-----+-----+------------+--------------+--------------+
|direction         |  in |    1|    ap_hs   |   direction  |    scalar    |
|direction_ap_vld  |  in |    1|    ap_hs   |   direction  |    scalar    |
|direction_ap_ack  | out |    1|    ap_hs   |   direction  |    scalar    |
|in_r_dout         |  in |   32|   ap_fifo  |     in_r     |    pointer   |
|in_r_empty_n      |  in |    1|   ap_fifo  |     in_r     |    pointer   |
|in_r_read         | out |    1|   ap_fifo  |     in_r     |    pointer   |
|out_r_din         | out |   32|   ap_fifo  |     out_r    |    pointer   |
|out_r_full_n      |  in |    1|   ap_fifo  |     out_r    |    pointer   |
|out_r_write       | out |    1|   ap_fifo  |     out_r    |    pointer   |
|ovflo_din         | out |    1|   ap_fifo  |     ovflo    |    pointer   |
|ovflo_full_n      |  in |    1|   ap_fifo  |     ovflo    |    pointer   |
|ovflo_write       | out |    1|   ap_fifo  |     ovflo    |    pointer   |
|ap_clk            |  in |    1| ap_ctrl_hs |    fft_top   | return value |
|ap_rst            |  in |    1| ap_ctrl_hs |    fft_top   | return value |
|ap_start          |  in |    1| ap_ctrl_hs |    fft_top   | return value |
|ap_done           | out |    1| ap_ctrl_hs |    fft_top   | return value |
|ap_ready          | out |    1| ap_ctrl_hs |    fft_top   | return value |
|ap_idle           | out |    1| ap_ctrl_hs |    fft_top   | return value |
+------------------+-----+-----+------------+--------------+--------------+

