

================================================================
== Vivado HLS Report for 'read_FFT_data_1201'
================================================================
* Date:           Wed Jun  5 21:03:51 2019

* Version:        2018.3 (Build 2405991 on Thu Dec 06 23:56:15 MST 2018)
* Project:        HLS
* Solution:       solution1
* Product family: zynquplus
* Target device:  xczu3eg-sbva484-1-i


================================================================
== Performance Estimates
================================================================
+ Timing (ns): 
    * Summary: 
    +--------+-------+----------+------------+
    |  Clock | Target| Estimated| Uncertainty|
    +--------+-------+----------+------------+
    |ap_clk  |  10.00|     4.334|        1.25|
    +--------+-------+----------+------------+

+ Latency (clock cycles): 
    * Summary: 
    +------+------+------+------+---------+
    |   Latency   |   Interval  | Pipeline|
    |  min |  max |  min |  max |   Type  |
    +------+------+------+------+---------+
    |  1025|  1025|  1025|  1025|   none  |
    +------+------+------+------+---------+

    + Detail: 
        * Instance: 
        N/A

        * Loop: 
        +------------+------+------+----------+-----------+-----------+------+----------+
        |            |   Latency   | Iteration|  Initiation Interval  | Trip |          |
        |  Loop Name |  min |  max |  Latency |  achieved |   target  | Count| Pipelined|
        +------------+------+------+----------+-----------+-----------+------+----------+
        |- READ_FOR  |  1024|  1024|         1|          -|          -|  1024|    no    |
        +------------+------+------+----------+-----------+-----------+------+----------+



================================================================
== Utilization Estimates
================================================================
* Summary: 
+-----------------+---------+-------+--------+-------+-----+
|       Name      | BRAM_18K| DSP48E|   FF   |  LUT  | URAM|
+-----------------+---------+-------+--------+-------+-----+
|DSP              |        -|      -|       -|      -|    -|
|Expression       |        -|      -|       0|     35|    -|
|FIFO             |        -|      -|       -|      -|    -|
|Instance         |        -|      -|       -|      -|    -|
|Memory           |        -|      -|       -|      -|    -|
|Multiplexer      |        -|      -|       -|     51|    -|
|Register         |        -|      -|      14|      -|    -|
+-----------------+---------+-------+--------+-------+-----+
|Total            |        0|      0|      14|     86|    0|
+-----------------+---------+-------+--------+-------+-----+
|Available        |      432|    360|  141120|  70560|    0|
+-----------------+---------+-------+--------+-------+-----+
|Utilization (%)  |        0|      0|   ~0   |   ~0  |    0|
+-----------------+---------+-------+--------+-------+-----+

+ Detail: 
    * Instance: 
    N/A

    * DSP48: 
    N/A

    * Memory: 
    N/A

    * FIFO: 
    N/A

    * Expression: 
    +-------------------+----------+-------+---+----+------------+------------+
    |   Variable Name   | Operation| DSP48E| FF| LUT| Bitwidth P0| Bitwidth P1|
    +-------------------+----------+-------+---+----+------------+------------+
    |i_8_fu_65_p2       |     +    |      0|  0|  18|          11|           1|
    |exitcond_fu_59_p2  |   icmp   |      0|  0|  13|          11|          12|
    |ap_block_state1    |    or    |      0|  0|   2|           1|           1|
    |ap_block_state2    |    or    |      0|  0|   2|           1|           1|
    +-------------------+----------+-------+---+----+------------+------------+
    |Total              |          |      0|  0|  35|          24|          15|
    +-------------------+----------+-------+---+----+------------+------------+

    * Multiplexer: 
    +------------------+----+-----------+-----+-----------+
    |       Name       | LUT| Input Size| Bits| Total Bits|
    +------------------+----+-----------+-----+-----------+
    |ap_NS_fsm         |  15|          3|    1|          3|
    |ap_done           |   9|          2|    1|          2|
    |from_FFT_2_blk_n  |   9|          2|    1|          2|
    |from_FFT_blk_n    |   9|          2|    1|          2|
    |i_reg_48          |   9|          2|   11|         22|
    +------------------+----+-----------+-----+-----------+
    |Total             |  51|         11|   15|         31|
    +------------------+----+-----------+-----+-----------+

    * Register: 
    +-------------+----+----+-----+-----------+
    |     Name    | FF | LUT| Bits| Const Bits|
    +-------------+----+----+-----+-----------+
    |ap_CS_fsm    |   2|   0|    2|          0|
    |ap_done_reg  |   1|   0|    1|          0|
    |i_reg_48     |  11|   0|   11|          0|
    +-------------+----+----+-----+-----------+
    |Total        |  14|   0|   14|          0|
    +-------------+----+----+-----+-----------+



================================================================
== Interface
================================================================
* Summary: 
+--------------------+-----+-----+------------+--------------------+--------------+
|      RTL Ports     | Dir | Bits|  Protocol  |    Source Object   |    C Type    |
+--------------------+-----+-----+------------+--------------------+--------------+
|ap_clk              |  in |    1| ap_ctrl_hs | read_FFT_data.1201 | return value |
|ap_rst              |  in |    1| ap_ctrl_hs | read_FFT_data.1201 | return value |
|ap_start            |  in |    1| ap_ctrl_hs | read_FFT_data.1201 | return value |
|ap_done             | out |    1| ap_ctrl_hs | read_FFT_data.1201 | return value |
|ap_continue         |  in |    1| ap_ctrl_hs | read_FFT_data.1201 | return value |
|ap_idle             | out |    1| ap_ctrl_hs | read_FFT_data.1201 | return value |
|ap_ready            | out |    1| ap_ctrl_hs | read_FFT_data.1201 | return value |
|from_FFT_2_dout     |  in |   64|   ap_fifo  |     from_FFT_2     |    pointer   |
|from_FFT_2_empty_n  |  in |    1|   ap_fifo  |     from_FFT_2     |    pointer   |
|from_FFT_2_read     | out |    1|   ap_fifo  |     from_FFT_2     |    pointer   |
|from_FFT_din        | out |   64|   ap_fifo  |      from_FFT      |    pointer   |
|from_FFT_full_n     |  in |    1|   ap_fifo  |      from_FFT      |    pointer   |
|from_FFT_write      | out |    1|   ap_fifo  |      from_FFT      |    pointer   |
+--------------------+-----+-----+------------+--------------------+--------------+

