

================================================================
== Vivado HLS Report for 'scaled_fixed2ieee'
================================================================
* Date:           Wed Jun  5 21:03:51 2019

* Version:        2018.3 (Build 2405991 on Thu Dec 06 23:56:15 MST 2018)
* Project:        HLS
* Solution:       solution1
* Product family: zynquplus
* Target device:  xczu3eg-sbva484-1-i


================================================================
== Performance Estimates
================================================================
+ Timing (ns): 
    * Summary: 
    +--------+-------+----------+------------+
    |  Clock | Target| Estimated| Uncertainty|
    +--------+-------+----------+------------+
    |ap_clk  |  10.00|     5.396|        1.25|
    +--------+-------+----------+------------+

+ Latency (clock cycles): 
    * Summary: 
    +-----+-----+-----+-----+---------+
    |  Latency  |  Interval | Pipeline|
    | min | max | min | max |   Type  |
    +-----+-----+-----+-----+---------+
    |   19|   27|   19|   27|   none  |
    +-----+-----+-----+-----+---------+

    + Detail: 
        * Instance: 
        N/A

        * Loop: 
        +----------+-----+-----+----------+-----------+-----------+-------+----------+
        |          |  Latency  | Iteration|  Initiation Interval  |  Trip |          |
        | Loop Name| min | max |  Latency |  achieved |   target  | Count | Pipelined|
        +----------+-----+-----+----------+-----------+-----------+-------+----------+
        |- Loop 1  |    6|    6|         2|          -|          -|      3|    no    |
        |- Loop 2  |    8|    8|         2|          -|          -|      4|    no    |
        |- Loop 3  |    2|    9|         2|          -|          -| 1 ~ 4 |    no    |
        +----------+-----+-----+----------+-----------+-----------+-------+----------+



================================================================
== Utilization Estimates
================================================================
* Summary: 
+-----------------+---------+-------+--------+-------+-----+
|       Name      | BRAM_18K| DSP48E|   FF   |  LUT  | URAM|
+-----------------+---------+-------+--------+-------+-----+
|DSP              |        -|      -|       -|      -|    -|
|Expression       |        -|      -|      73|   1396|    -|
|FIFO             |        -|      -|       -|      -|    -|
|Instance         |        -|      -|       -|      -|    -|
|Memory           |        0|      -|     128|      4|    -|
|Multiplexer      |        -|      -|       -|    203|    -|
|Register         |        -|      -|     282|      -|    -|
+-----------------+---------+-------+--------+-------+-----+
|Total            |        0|      0|     483|   1603|    0|
+-----------------+---------+-------+--------+-------+-----+
|Available        |      432|    360|  141120|  70560|    0|
+-----------------+---------+-------+--------+-------+-----+
|Utilization (%)  |        0|      0|   ~0   |      2|    0|
+-----------------+---------+-------+--------+-------+-----+

+ Detail: 
    * Instance: 
    N/A

    * DSP48: 
    N/A

    * Memory: 
    +--------------+------------------------------+---------+----+----+------+-----+------+-------------+
    |    Memory    |            Module            | BRAM_18K| FF | LUT| Words| Bits| Banks| W*Bits*Banks|
    +--------------+------------------------------+---------+----+----+------+-----+------+-------------+
    |c_U           |scaled_fixed2ieee_c           |        0|  64|   2|     4|   32|     1|          128|
    |out_bits_V_U  |scaled_fixed2ieee_out_bits_V  |        0|  64|   2|     4|   32|     1|          128|
    +--------------+------------------------------+---------+----+----+------+-----+------+-------------+
    |Total         |                              |        0| 128|   4|     8|   64|     2|          256|
    +--------------+------------------------------+---------+----+----+------+-----+------+-------------+

    * FIFO: 
    N/A

    * Expression: 
    +-------------------------+----------+-------+----+-----+------------+------------+
    |      Variable Name      | Operation| DSP48E| FF | LUT | Bitwidth P0| Bitwidth P1|
    +-------------------------+----------+-------+----+-----+------------+------------+
    |i_5_fu_247_p2            |     +    |      0|   0|    9|           2|           1|
    |i_6_fu_409_p2            |     +    |      0|   0|   11|           3|           1|
    |i_7_fu_447_p2            |     +    |      0|   0|   11|           3|           1|
    |shift_2_fu_458_p2        |     +    |      0|   0|   39|          32|          32|
    |Hi_assign_fu_278_p2      |     -    |      0|   0|   15|           3|           6|
    |Lo_assign_fu_284_p2      |     -    |      0|   0|   15|           6|           6|
    |newexp_fu_527_p2         |     -    |      0|   0|   39|          32|          32|
    |tmp_65_fu_473_p2         |     -    |      0|   0|   39|           1|          32|
    |tmp_68_fu_518_p2         |     -    |      0|   0|   19|          10|          12|
    |tmp_86_fu_305_p2         |     -    |      0|   0|   15|           6|           6|
    |tmp_87_fu_311_p2         |     -    |      0|   0|   15|           3|           6|
    |tmp_88_fu_317_p2         |     -    |      0|   0|   15|           6|           6|
    |tmp_92_fu_346_p2         |     -    |      0|   0|   15|           3|           6|
    |p_Result_s_fu_372_p2     |    and   |      0|   0|   63|          63|          63|
    |r_V_fu_491_p2            |   ashr   |      0|   0|  176|          63|          63|
    |c_d0                     |   cttz   |      0|  73|   71|          32|           0|
    |exitcond6_fu_241_p2      |   icmp   |      0|   0|    8|           2|           2|
    |exitcond_fu_403_p2       |   icmp   |      0|   0|    9|           3|           4|
    |tmp_67_fu_512_p2         |   icmp   |      0|   0|   20|          32|           5|
    |tmp_69_fu_541_p2         |   icmp   |      0|   0|   29|          63|           1|
    |tmp_84_fu_290_p2         |   icmp   |      0|   0|   11|           6|           6|
    |tmp_95_fu_360_p2         |   lshr   |      0|   0|  176|          63|          63|
    |tmp_96_fu_366_p2         |   lshr   |      0|   0|  176|           2|          63|
    |or_cond_fu_546_p2        |    or    |      0|   0|    2|           1|           1|
    |out_exp_V_fu_574_p3      |  select  |      0|   0|   11|           1|           1|
    |r_V_36_fu_503_p3         |  select  |      0|   0|   56|           1|          63|
    |significand_V_fu_566_p3  |  select  |      0|   0|   55|           1|           1|
    |tmp_89_fu_323_p3         |  select  |      0|   0|    6|           1|           6|
    |tmp_90_fu_331_p3         |  select  |      0|   0|   56|           1|          63|
    |tmp_91_fu_338_p3         |  select  |      0|   0|    6|           1|           6|
    |ush_fu_479_p3            |  select  |      0|   0|   32|           1|          32|
    |r_V_8_fu_497_p2          |    shl   |      0|   0|  176|          63|          63|
    +-------------------------+----------+-------+----+-----+------------+------------+
    |Total                    |          |      0|  73| 1396|         510|         653|
    +-------------------------+----------+-------+----+-----+------------+------------+

    * Multiplexer: 
    +--------------------------------------+----+-----------+-----+-----------+
    |                 Name                 | LUT| Input Size| Bits| Total Bits|
    +--------------------------------------+----+-----------+-----+-----------+
    |ap_NS_fsm                             |  41|          8|    1|          8|
    |ap_phi_mux_p_Val2_9_in_phi_fu_224_p4  |   9|          2|   63|        126|
    |ap_phi_mux_shift_1_phi_fu_234_p4      |   9|          2|   32|         64|
    |ap_return                             |   9|          2|   63|        126|
    |c_address0                            |  15|          3|    2|          6|
    |i1_reg_177                            |   9|          2|    3|          6|
    |i2_reg_210                            |   9|          2|    3|          6|
    |i_reg_165                             |   9|          2|    2|          4|
    |out_bits_V_address0                   |  27|          5|    2|         10|
    |out_bits_V_d0                         |  15|          3|   32|         96|
    |out_bits_V_we0                        |  15|          3|    4|         12|
    |p_Val2_9_in_reg_221                   |   9|          2|   63|        126|
    |p_s_reg_188                           |   9|          2|   63|        126|
    |shift_1_reg_231                       |   9|          2|   32|         64|
    |shift_reg_198                         |   9|          2|   32|         64|
    +--------------------------------------+----+-----------+-----+-----------+
    |Total                                 | 203|         42|  397|        844|
    +--------------------------------------+----+-----------+-----+-----------+

    * Register: 
    +---------------------------+----+----+-----+-----------+
    |            Name           | FF | LUT| Bits| Const Bits|
    +---------------------------+----+----+-----+-----------+
    |ap_CS_fsm                  |   7|   0|    7|          0|
    |ap_return_preg             |  63|   0|   64|          1|
    |i1_reg_177                 |   3|   0|    3|          0|
    |i2_reg_210                 |   3|   0|    3|          0|
    |i_5_reg_613                |   2|   0|    2|          0|
    |i_6_reg_626                |   3|   0|    3|          0|
    |i_7_reg_645                |   3|   0|    3|          0|
    |i_reg_165                  |   2|   0|    2|          0|
    |out_bits_V_addr_1_reg_618  |   2|   0|    2|          0|
    |p_Val2_9_in_reg_221        |  63|   0|   63|          0|
    |p_s_reg_188                |  63|   0|   63|          0|
    |shift_1_reg_231            |  32|   0|   32|          0|
    |shift_reg_198              |  32|   0|   32|          0|
    |tmp_62_reg_631             |   3|   0|   64|         61|
    |tmp_99_reg_641             |   1|   0|    1|          0|
    +---------------------------+----+----+-----+-----------+
    |Total                      | 282|   0|  344|         62|
    +---------------------------+----+----+-----+-----------+



================================================================
== Interface
================================================================
* Summary: 
+-----------+-----+-----+------------+-------------------+--------------+
| RTL Ports | Dir | Bits|  Protocol  |   Source Object   |    C Type    |
+-----------+-----+-----+------------+-------------------+--------------+
|ap_clk     |  in |    1| ap_ctrl_hs | scaled_fixed2ieee | return value |
|ap_rst     |  in |    1| ap_ctrl_hs | scaled_fixed2ieee | return value |
|ap_start   |  in |    1| ap_ctrl_hs | scaled_fixed2ieee | return value |
|ap_done    | out |    1| ap_ctrl_hs | scaled_fixed2ieee | return value |
|ap_idle    | out |    1| ap_ctrl_hs | scaled_fixed2ieee | return value |
|ap_ready   | out |    1| ap_ctrl_hs | scaled_fixed2ieee | return value |
|ap_return  | out |   64| ap_ctrl_hs | scaled_fixed2ieee | return value |
|in_V       |  in |   63|   ap_none  |        in_V       |    scalar    |
|prescale   |  in |   12|   ap_none  |      prescale     |    scalar    |
+-----------+-----+-----+------------+-------------------+--------------+

